(let
  (nonrec)
  (termbind
    (strict)
    (vardecl addInteger (fun (con integer) (fun (con integer) (con integer))))
    (builtin addInteger)
  )
  (termbind
    (strict)
    (vardecl addInteger (fun (con integer) (fun (con integer) (con integer))))
    (lam x (con integer) (lam y (con integer) [ [ addInteger x ] y ]))
  )
  (termbind
    (nonstrict)
    (vardecl x (con integer))
    [ [ addInteger (con integer 1) ] (con integer 2) ]
  )
  (termbind
    (strict)
    (vardecl f (fun (con integer) (con integer)))
    (lam y (con integer) [ [ addInteger y ] (con integer 3) ])
  )
  [ [ addInteger [ f x ] ] [ f x ] ]
)