(lam
  x
  (con integer)
  (let
    (nonrec)
    (termbind
      (strict)
      (vardecl addInteger (fun (con integer) (fun (con integer) (con integer))))
      (builtin addInteger)
    )
    (termbind
      (strict)
      (vardecl addInteger (fun (con integer) (fun (con integer) (con integer))))
      (lam x (con integer) (lam y (con integer) [ [ addInteger x ] y ]))
    )
    (termbind
      (nonstrict)
      (vardecl y (con integer))
      [ [ addInteger (con integer 1) ] (con integer 2) ]
    )
    [ [ addInteger [ [ addInteger y ] x ] ] y ]
  )
)