(lam
  x
  (con integer)
  [
    [ (builtin addInteger) x ]
    (let
      (nonrec)
      (termbind
        (nonstrict)
        (vardecl y (con integer))
        [ [ (builtin addInteger) (con integer 3) ] x ]
      )
      y
    )
  ]
)