(lam
  x
  (con integer)
  [
    [ (builtin addInteger) x ]
    (let
      (nonrec)
      (termbind (nonstrict) (vardecl y (con integer)) (con integer 3))
      y
    )
  ]
)