(let
  (rec)
  (termbind
    (strict)
    (vardecl x (con integer))
    (let (rec) (termbind (nonstrict) (vardecl x' (con integer)) x) x')
  )
  (termbind
    (strict)
    (vardecl y (con integer))
    [
      (lam
        k
        (con integer)
        (let
          (rec)
          (termbind
            (nonstrict)
            (vardecl y' (con integer))
            [ [ (builtin addInteger) k ] y ]
          )
          y'
        )
      )
      y
    ]
  )
  x
)