(lam
  x
  (con integer)
  (let
    (nonrec)
    (termbind
      (nonstrict)
      (vardecl i (con integer))
      [
        [
          (builtin addInteger)
          (let
            (nonrec)
            (termbind (strict) (vardecl j (con integer)) (con integer 1))
            j
          )
        ]
        x
      ]
    )
    i
  )
)