(program
  fromList []
  (let
    fromList []
    (nonrec)
    (termbind
      fromList []
      (strict)
      (vardecl
        fromList []
        addInteger
        (fun
          fromList []
          (con fromList [] integer)
          (fun fromList [] (con fromList [] integer) (con fromList [] integer))
        )
      )
      (builtin fromList [] addInteger)
    )
    (termbind
      fromList []
      (strict)
      (vardecl
        fromList []
        addInteger
        (fun
          fromList []
          (con fromList [] integer)
          (fun fromList [] (con fromList [] integer) (con fromList [] integer))
        )
      )
      (lam
        fromList []
        x
        (con fromList [] integer)
        (lam
          fromList []
          y
          (con fromList [] integer)
          [
            fromList []
            [ fromList [] fromList [] addInteger fromList [] x ]
            fromList [] y
          ]
        )
      )
    )
    (datatypebind
      fromList []
      (datatype
        fromList []
        (tyvardecl fromList [] Bool (fromList [] type))

        Bool_match
        (vardecl fromList [] True fromList [] Bool)
        (vardecl fromList [] False fromList [] Bool)
      )
    )
    (termbind
      fromList []
      (strict)
      (vardecl
        fromList []
        equalsInteger
        (fun
          fromList []
          (con fromList [] integer)
          (fun fromList [] (con fromList [] integer) (con fromList [] bool))
        )
      )
      (builtin fromList [] equalsInteger)
    )
    (termbind
      fromList []
      (strict)
      (vardecl
        fromList []
        ifThenElse
        (all
          fromList []
          a
          (fromList [] type)
          (fun
            fromList []
            (con fromList [] bool)
            (fun
              fromList []
              fromList [] a
              (fun fromList [] fromList [] a fromList [] a)
            )
          )
        )
      )
      (builtin fromList [] ifThenElse)
    )
    (termbind
      fromList []
      (strict)
      (vardecl
        fromList []
        equalsInteger
        (fun
          fromList []
          (con fromList [] integer)
          (fun fromList [] (con fromList [] integer) fromList [] Bool)
        )
      )
      (lam
        fromList []
        x
        (con fromList [] integer)
        (lam
          fromList []
          y
          (con fromList [] integer)
          [
            fromList []
            [
              fromList []
              [
                fromList []
                { fromList [] fromList [] ifThenElse fromList [] Bool }
                [
                  fromList []
                  [ fromList [] fromList [] equalsInteger fromList [] x ]
                  fromList [] y
                ]
              ]
              fromList [] True
            ]
            fromList [] False
          ]
        )
      )
    )
    (termbind
      fromList []
      (strict)
      (vardecl
        fromList []
        subtractInteger
        (fun
          fromList []
          (con fromList [] integer)
          (fun fromList [] (con fromList [] integer) (con fromList [] integer))
        )
      )
      (builtin fromList [] subtractInteger)
    )
    (termbind
      fromList []
      (strict)
      (vardecl
        fromList []
        subtractInteger
        (fun
          fromList []
          (con fromList [] integer)
          (fun fromList [] (con fromList [] integer) (con fromList [] integer))
        )
      )
      (lam
        fromList []
        x
        (con fromList [] integer)
        (lam
          fromList []
          y
          (con fromList [] integer)
          [
            fromList []
            [ fromList [] fromList [] subtractInteger fromList [] x ]
            fromList [] y
          ]
        )
      )
    )
    (let
      fromList []
      (rec)
      (termbind
        fromList []
        (strict)
        (vardecl
          fromList []
          fib
          (fun fromList [] (con fromList [] integer) (con fromList [] integer))
        )
        (lam
          fromList []
          n
          (con fromList [] integer)
          {
            fromList [SrcSpan {srcSpanFile = "test/Plugin/Debug/Spec.hs", srcSpanSLine = 46, srcSpanSCol = 15, srcSpanELine = 55, srcSpanECol = 73},SrcSpan {srcSpanFile = "test/Plugin/Debug/Spec.hs", srcSpanSLine = 47, srcSpanSCol = 17, srcSpanELine = 55, srcSpanECol = 73}]
            [
              fromList [SrcSpan {srcSpanFile = "test/Plugin/Debug/Spec.hs", srcSpanSLine = 46, srcSpanSCol = 15, srcSpanELine = 55, srcSpanECol = 73},SrcSpan {srcSpanFile = "test/Plugin/Debug/Spec.hs", srcSpanSLine = 47, srcSpanSCol = 17, srcSpanELine = 55, srcSpanECol = 73}]
              [
                fromList [SrcSpan {srcSpanFile = "test/Plugin/Debug/Spec.hs", srcSpanSLine = 46, srcSpanSCol = 15, srcSpanELine = 55, srcSpanECol = 73},SrcSpan {srcSpanFile = "test/Plugin/Debug/Spec.hs", srcSpanSLine = 47, srcSpanSCol = 17, srcSpanELine = 55, srcSpanECol = 73}]
                {
                  fromList [SrcSpan {srcSpanFile = "test/Plugin/Debug/Spec.hs", srcSpanSLine = 46, srcSpanSCol = 15, srcSpanELine = 55, srcSpanECol = 73},SrcSpan {srcSpanFile = "test/Plugin/Debug/Spec.hs", srcSpanSLine = 47, srcSpanSCol = 17, srcSpanELine = 55, srcSpanECol = 73}]
                  [
                    fromList [SrcSpan {srcSpanFile = "test/Plugin/Debug/Spec.hs", srcSpanSLine = 46, srcSpanSCol = 15, srcSpanELine = 55, srcSpanECol = 73},SrcSpan {srcSpanFile = "test/Plugin/Debug/Spec.hs", srcSpanSLine = 47, srcSpanSCol = 17, srcSpanELine = 55, srcSpanECol = 73}]
                    fromList [SrcSpan {srcSpanFile = "test/Plugin/Debug/Spec.hs", srcSpanSLine = 46, srcSpanSCol = 15, srcSpanELine = 55, srcSpanECol = 73},SrcSpan {srcSpanFile = "test/Plugin/Debug/Spec.hs", srcSpanSLine = 47, srcSpanSCol = 17, srcSpanELine = 55, srcSpanECol = 73}]
                    Bool_match
                    [
                      fromList [SrcSpan {srcSpanFile = "test/Plugin/Debug/Spec.hs", srcSpanSLine = 46, srcSpanSCol = 15, srcSpanELine = 55, srcSpanECol = 73},SrcSpan {srcSpanFile = "test/Plugin/Debug/Spec.hs", srcSpanSLine = 47, srcSpanSCol = 17, srcSpanELine = 55, srcSpanECol = 73}]
                      [
                        fromList [SrcSpan {srcSpanFile = "test/Plugin/Debug/Spec.hs", srcSpanSLine = 46, srcSpanSCol = 15, srcSpanELine = 55, srcSpanECol = 73},SrcSpan {srcSpanFile = "test/Plugin/Debug/Spec.hs", srcSpanSLine = 47, srcSpanSCol = 17, srcSpanELine = 55, srcSpanECol = 73}]
                        fromList [SrcSpan {srcSpanFile = "test/Plugin/Debug/Spec.hs", srcSpanSLine = 46, srcSpanSCol = 15, srcSpanELine = 55, srcSpanECol = 73},SrcSpan {srcSpanFile = "test/Plugin/Debug/Spec.hs", srcSpanSLine = 47, srcSpanSCol = 17, srcSpanELine = 55, srcSpanECol = 73}]
                        equalsInteger
                        fromList [SrcSpan {srcSpanFile = "test/Plugin/Debug/Spec.hs", srcSpanSLine = 46, srcSpanSCol = 15, srcSpanELine = 55, srcSpanECol = 73},SrcSpan {srcSpanFile = "test/Plugin/Debug/Spec.hs", srcSpanSLine = 47, srcSpanSCol = 17, srcSpanELine = 55, srcSpanECol = 73},SrcSpan {srcSpanFile = "test/Plugin/Debug/Spec.hs", srcSpanSLine = 47, srcSpanSCol = 43, srcSpanELine = 47, srcSpanECol = 44}]
                        n
                      ]
                      (con
                        fromList [SrcSpan {srcSpanFile = "test/Plugin/Debug/Spec.hs", srcSpanSLine = 46, srcSpanSCol = 15, srcSpanELine = 55, srcSpanECol = 73},SrcSpan {srcSpanFile = "test/Plugin/Debug/Spec.hs", srcSpanSLine = 47, srcSpanSCol = 17, srcSpanELine = 55, srcSpanECol = 73},SrcSpan {srcSpanFile = "test/Plugin/Debug/Spec.hs", srcSpanSLine = 47, srcSpanSCol = 45, srcSpanELine = 47, srcSpanECol = 46}]
                        integer
                        0
                      )
                    ]
                  ]
                  (all
                    fromList [SrcSpan {srcSpanFile = "test/Plugin/Debug/Spec.hs", srcSpanSLine = 46, srcSpanSCol = 15, srcSpanELine = 55, srcSpanECol = 73},SrcSpan {srcSpanFile = "test/Plugin/Debug/Spec.hs", srcSpanSLine = 47, srcSpanSCol = 17, srcSpanELine = 55, srcSpanECol = 73}]
                    dead
                    (fromList [SrcSpan {srcSpanFile = "test/Plugin/Debug/Spec.hs", srcSpanSLine = 46, srcSpanSCol = 15, srcSpanELine = 55, srcSpanECol = 73},SrcSpan {srcSpanFile = "test/Plugin/Debug/Spec.hs", srcSpanSLine = 47, srcSpanSCol = 17, srcSpanELine = 55, srcSpanECol = 73}]
                    type)
                    (con
                      fromList [SrcSpan {srcSpanFile = "test/Plugin/Debug/Spec.hs", srcSpanSLine = 46, srcSpanSCol = 15, srcSpanELine = 55, srcSpanECol = 73},SrcSpan {srcSpanFile = "test/Plugin/Debug/Spec.hs", srcSpanSLine = 47, srcSpanSCol = 17, srcSpanELine = 55, srcSpanECol = 73}]
                      integer
                    )
                  )
                }
                (abs
                  fromList [SrcSpan {srcSpanFile = "test/Plugin/Debug/Spec.hs", srcSpanSLine = 46, srcSpanSCol = 15, srcSpanELine = 55, srcSpanECol = 73},SrcSpan {srcSpanFile = "test/Plugin/Debug/Spec.hs", srcSpanSLine = 47, srcSpanSCol = 17, srcSpanELine = 55, srcSpanECol = 73}]
                  dead
                  (fromList [SrcSpan {srcSpanFile = "test/Plugin/Debug/Spec.hs", srcSpanSLine = 46, srcSpanSCol = 15, srcSpanELine = 55, srcSpanECol = 73},SrcSpan {srcSpanFile = "test/Plugin/Debug/Spec.hs", srcSpanSLine = 47, srcSpanSCol = 17, srcSpanELine = 55, srcSpanECol = 73}]
                  type)
                  (con
                    fromList [SrcSpan {srcSpanFile = "test/Plugin/Debug/Spec.hs", srcSpanSLine = 46, srcSpanSCol = 15, srcSpanELine = 55, srcSpanECol = 73},SrcSpan {srcSpanFile = "test/Plugin/Debug/Spec.hs", srcSpanSLine = 47, srcSpanSCol = 17, srcSpanELine = 55, srcSpanECol = 73},SrcSpan {srcSpanFile = "test/Plugin/Debug/Spec.hs", srcSpanSLine = 48, srcSpanSCol = 26, srcSpanELine = 48, srcSpanECol = 27}]
                    integer
                    0
                  )
                )
              ]
              (abs
                fromList [SrcSpan {srcSpanFile = "test/Plugin/Debug/Spec.hs", srcSpanSLine = 46, srcSpanSCol = 15, srcSpanELine = 55, srcSpanECol = 73},SrcSpan {srcSpanFile = "test/Plugin/Debug/Spec.hs", srcSpanSLine = 47, srcSpanSCol = 17, srcSpanELine = 55, srcSpanECol = 73}]
                dead
                (fromList [SrcSpan {srcSpanFile = "test/Plugin/Debug/Spec.hs", srcSpanSLine = 46, srcSpanSCol = 15, srcSpanELine = 55, srcSpanECol = 73},SrcSpan {srcSpanFile = "test/Plugin/Debug/Spec.hs", srcSpanSLine = 47, srcSpanSCol = 17, srcSpanELine = 55, srcSpanECol = 73}]
                type)
                {
                  fromList [SrcSpan {srcSpanFile = "test/Plugin/Debug/Spec.hs", srcSpanSLine = 46, srcSpanSCol = 15, srcSpanELine = 55, srcSpanECol = 73},SrcSpan {srcSpanFile = "test/Plugin/Debug/Spec.hs", srcSpanSLine = 47, srcSpanSCol = 17, srcSpanELine = 55, srcSpanECol = 73},SrcSpan {srcSpanFile = "test/Plugin/Debug/Spec.hs", srcSpanSLine = 50, srcSpanSCol = 25, srcSpanELine = 55, srcSpanECol = 73}]
                  [
                    fromList [SrcSpan {srcSpanFile = "test/Plugin/Debug/Spec.hs", srcSpanSLine = 46, srcSpanSCol = 15, srcSpanELine = 55, srcSpanECol = 73},SrcSpan {srcSpanFile = "test/Plugin/Debug/Spec.hs", srcSpanSLine = 47, srcSpanSCol = 17, srcSpanELine = 55, srcSpanECol = 73},SrcSpan {srcSpanFile = "test/Plugin/Debug/Spec.hs", srcSpanSLine = 50, srcSpanSCol = 25, srcSpanELine = 55, srcSpanECol = 73}]
                    [
                      fromList [SrcSpan {srcSpanFile = "test/Plugin/Debug/Spec.hs", srcSpanSLine = 46, srcSpanSCol = 15, srcSpanELine = 55, srcSpanECol = 73},SrcSpan {srcSpanFile = "test/Plugin/Debug/Spec.hs", srcSpanSLine = 47, srcSpanSCol = 17, srcSpanELine = 55, srcSpanECol = 73},SrcSpan {srcSpanFile = "test/Plugin/Debug/Spec.hs", srcSpanSLine = 50, srcSpanSCol = 25, srcSpanELine = 55, srcSpanECol = 73}]
                      {
                        fromList [SrcSpan {srcSpanFile = "test/Plugin/Debug/Spec.hs", srcSpanSLine = 46, srcSpanSCol = 15, srcSpanELine = 55, srcSpanECol = 73},SrcSpan {srcSpanFile = "test/Plugin/Debug/Spec.hs", srcSpanSLine = 47, srcSpanSCol = 17, srcSpanELine = 55, srcSpanECol = 73},SrcSpan {srcSpanFile = "test/Plugin/Debug/Spec.hs", srcSpanSLine = 50, srcSpanSCol = 25, srcSpanELine = 55, srcSpanECol = 73}]
                        [
                          fromList [SrcSpan {srcSpanFile = "test/Plugin/Debug/Spec.hs", srcSpanSLine = 46, srcSpanSCol = 15, srcSpanELine = 55, srcSpanECol = 73},SrcSpan {srcSpanFile = "test/Plugin/Debug/Spec.hs", srcSpanSLine = 47, srcSpanSCol = 17, srcSpanELine = 55, srcSpanECol = 73},SrcSpan {srcSpanFile = "test/Plugin/Debug/Spec.hs", srcSpanSLine = 50, srcSpanSCol = 25, srcSpanELine = 55, srcSpanECol = 73}]
                          fromList [SrcSpan {srcSpanFile = "test/Plugin/Debug/Spec.hs", srcSpanSLine = 46, srcSpanSCol = 15, srcSpanELine = 55, srcSpanECol = 73},SrcSpan {srcSpanFile = "test/Plugin/Debug/Spec.hs", srcSpanSLine = 47, srcSpanSCol = 17, srcSpanELine = 55, srcSpanECol = 73},SrcSpan {srcSpanFile = "test/Plugin/Debug/Spec.hs", srcSpanSLine = 50, srcSpanSCol = 25, srcSpanELine = 55, srcSpanECol = 73}]
                          Bool_match
                          [
                            fromList [SrcSpan {srcSpanFile = "test/Plugin/Debug/Spec.hs", srcSpanSLine = 46, srcSpanSCol = 15, srcSpanELine = 55, srcSpanECol = 73},SrcSpan {srcSpanFile = "test/Plugin/Debug/Spec.hs", srcSpanSLine = 47, srcSpanSCol = 17, srcSpanELine = 55, srcSpanECol = 73},SrcSpan {srcSpanFile = "test/Plugin/Debug/Spec.hs", srcSpanSLine = 50, srcSpanSCol = 25, srcSpanELine = 55, srcSpanECol = 73}]
                            [
                              fromList [SrcSpan {srcSpanFile = "test/Plugin/Debug/Spec.hs", srcSpanSLine = 46, srcSpanSCol = 15, srcSpanELine = 55, srcSpanECol = 73},SrcSpan {srcSpanFile = "test/Plugin/Debug/Spec.hs", srcSpanSLine = 47, srcSpanSCol = 17, srcSpanELine = 55, srcSpanECol = 73},SrcSpan {srcSpanFile = "test/Plugin/Debug/Spec.hs", srcSpanSLine = 50, srcSpanSCol = 25, srcSpanELine = 55, srcSpanECol = 73}]
                              fromList [SrcSpan {srcSpanFile = "test/Plugin/Debug/Spec.hs", srcSpanSLine = 46, srcSpanSCol = 15, srcSpanELine = 55, srcSpanECol = 73},SrcSpan {srcSpanFile = "test/Plugin/Debug/Spec.hs", srcSpanSLine = 47, srcSpanSCol = 17, srcSpanELine = 55, srcSpanECol = 73},SrcSpan {srcSpanFile = "test/Plugin/Debug/Spec.hs", srcSpanSLine = 50, srcSpanSCol = 25, srcSpanELine = 55, srcSpanECol = 73}]
                              equalsInteger
                              fromList [SrcSpan {srcSpanFile = "test/Plugin/Debug/Spec.hs", srcSpanSLine = 46, srcSpanSCol = 15, srcSpanELine = 55, srcSpanECol = 73},SrcSpan {srcSpanFile = "test/Plugin/Debug/Spec.hs", srcSpanSLine = 47, srcSpanSCol = 17, srcSpanELine = 55, srcSpanECol = 73},SrcSpan {srcSpanFile = "test/Plugin/Debug/Spec.hs", srcSpanSLine = 50, srcSpanSCol = 25, srcSpanELine = 55, srcSpanECol = 73},SrcSpan {srcSpanFile = "test/Plugin/Debug/Spec.hs", srcSpanSLine = 50, srcSpanSCol = 51, srcSpanELine = 50, srcSpanECol = 52}]
                              n
                            ]
                            (con
                              fromList [SrcSpan {srcSpanFile = "test/Plugin/Debug/Spec.hs", srcSpanSLine = 46, srcSpanSCol = 15, srcSpanELine = 55, srcSpanECol = 73},SrcSpan {srcSpanFile = "test/Plugin/Debug/Spec.hs", srcSpanSLine = 47, srcSpanSCol = 17, srcSpanELine = 55, srcSpanECol = 73},SrcSpan {srcSpanFile = "test/Plugin/Debug/Spec.hs", srcSpanSLine = 50, srcSpanSCol = 25, srcSpanELine = 55, srcSpanECol = 73},SrcSpan {srcSpanFile = "test/Plugin/Debug/Spec.hs", srcSpanSLine = 50, srcSpanSCol = 53, srcSpanELine = 50, srcSpanECol = 54}]
                              integer
                              1
                            )
                          ]
                        ]
                        (all
                          fromList [SrcSpan {srcSpanFile = "test/Plugin/Debug/Spec.hs", srcSpanSLine = 46, srcSpanSCol = 15, srcSpanELine = 55, srcSpanECol = 73},SrcSpan {srcSpanFile = "test/Plugin/Debug/Spec.hs", srcSpanSLine = 47, srcSpanSCol = 17, srcSpanELine = 55, srcSpanECol = 73},SrcSpan {srcSpanFile = "test/Plugin/Debug/Spec.hs", srcSpanSLine = 50, srcSpanSCol = 25, srcSpanELine = 55, srcSpanECol = 73}]
                          dead
                          (fromList [SrcSpan {srcSpanFile = "test/Plugin/Debug/Spec.hs", srcSpanSLine = 46, srcSpanSCol = 15, srcSpanELine = 55, srcSpanECol = 73},SrcSpan {srcSpanFile = "test/Plugin/Debug/Spec.hs", srcSpanSLine = 47, srcSpanSCol = 17, srcSpanELine = 55, srcSpanECol = 73},SrcSpan {srcSpanFile = "test/Plugin/Debug/Spec.hs", srcSpanSLine = 50, srcSpanSCol = 25, srcSpanELine = 55, srcSpanECol = 73}]
                          type)
                          (con
                            fromList [SrcSpan {srcSpanFile = "test/Plugin/Debug/Spec.hs", srcSpanSLine = 46, srcSpanSCol = 15, srcSpanELine = 55, srcSpanECol = 73},SrcSpan {srcSpanFile = "test/Plugin/Debug/Spec.hs", srcSpanSLine = 47, srcSpanSCol = 17, srcSpanELine = 55, srcSpanECol = 73},SrcSpan {srcSpanFile = "test/Plugin/Debug/Spec.hs", srcSpanSLine = 50, srcSpanSCol = 25, srcSpanELine = 55, srcSpanECol = 73}]
                            integer
                          )
                        )
                      }
                      (abs
                        fromList [SrcSpan {srcSpanFile = "test/Plugin/Debug/Spec.hs", srcSpanSLine = 46, srcSpanSCol = 15, srcSpanELine = 55, srcSpanECol = 73},SrcSpan {srcSpanFile = "test/Plugin/Debug/Spec.hs", srcSpanSLine = 47, srcSpanSCol = 17, srcSpanELine = 55, srcSpanECol = 73},SrcSpan {srcSpanFile = "test/Plugin/Debug/Spec.hs", srcSpanSLine = 50, srcSpanSCol = 25, srcSpanELine = 55, srcSpanECol = 73}]
                        dead
                        (fromList [SrcSpan {srcSpanFile = "test/Plugin/Debug/Spec.hs", srcSpanSLine = 46, srcSpanSCol = 15, srcSpanELine = 55, srcSpanECol = 73},SrcSpan {srcSpanFile = "test/Plugin/Debug/Spec.hs", srcSpanSLine = 47, srcSpanSCol = 17, srcSpanELine = 55, srcSpanECol = 73},SrcSpan {srcSpanFile = "test/Plugin/Debug/Spec.hs", srcSpanSLine = 50, srcSpanSCol = 25, srcSpanELine = 55, srcSpanECol = 73}]
                        type)
                        (con
                          fromList [SrcSpan {srcSpanFile = "test/Plugin/Debug/Spec.hs", srcSpanSLine = 46, srcSpanSCol = 15, srcSpanELine = 55, srcSpanECol = 73},SrcSpan {srcSpanFile = "test/Plugin/Debug/Spec.hs", srcSpanSLine = 47, srcSpanSCol = 17, srcSpanELine = 55, srcSpanECol = 73},SrcSpan {srcSpanFile = "test/Plugin/Debug/Spec.hs", srcSpanSLine = 50, srcSpanSCol = 25, srcSpanELine = 55, srcSpanECol = 73},SrcSpan {srcSpanFile = "test/Plugin/Debug/Spec.hs", srcSpanSLine = 51, srcSpanSCol = 34, srcSpanELine = 51, srcSpanECol = 35}]
                          integer
                          1
                        )
                      )
                    ]
                    (abs
                      fromList [SrcSpan {srcSpanFile = "test/Plugin/Debug/Spec.hs", srcSpanSLine = 46, srcSpanSCol = 15, srcSpanELine = 55, srcSpanECol = 73},SrcSpan {srcSpanFile = "test/Plugin/Debug/Spec.hs", srcSpanSLine = 47, srcSpanSCol = 17, srcSpanELine = 55, srcSpanECol = 73},SrcSpan {srcSpanFile = "test/Plugin/Debug/Spec.hs", srcSpanSLine = 50, srcSpanSCol = 25, srcSpanELine = 55, srcSpanECol = 73}]
                      dead
                      (fromList [SrcSpan {srcSpanFile = "test/Plugin/Debug/Spec.hs", srcSpanSLine = 46, srcSpanSCol = 15, srcSpanELine = 55, srcSpanECol = 73},SrcSpan {srcSpanFile = "test/Plugin/Debug/Spec.hs", srcSpanSLine = 47, srcSpanSCol = 17, srcSpanELine = 55, srcSpanECol = 73},SrcSpan {srcSpanFile = "test/Plugin/Debug/Spec.hs", srcSpanSLine = 50, srcSpanSCol = 25, srcSpanELine = 55, srcSpanECol = 73}]
                      type)
                      [
                        fromList [SrcSpan {srcSpanFile = "test/Plugin/Debug/Spec.hs", srcSpanSLine = 46, srcSpanSCol = 15, srcSpanELine = 55, srcSpanECol = 73},SrcSpan {srcSpanFile = "test/Plugin/Debug/Spec.hs", srcSpanSLine = 47, srcSpanSCol = 17, srcSpanELine = 55, srcSpanECol = 73},SrcSpan {srcSpanFile = "test/Plugin/Debug/Spec.hs", srcSpanSLine = 50, srcSpanSCol = 25, srcSpanELine = 55, srcSpanECol = 73},SrcSpan {srcSpanFile = "test/Plugin/Debug/Spec.hs", srcSpanSLine = 53, srcSpanSCol = 33, srcSpanELine = 55, srcSpanECol = 73}]
                        [
                          fromList [SrcSpan {srcSpanFile = "test/Plugin/Debug/Spec.hs", srcSpanSLine = 46, srcSpanSCol = 15, srcSpanELine = 55, srcSpanECol = 73},SrcSpan {srcSpanFile = "test/Plugin/Debug/Spec.hs", srcSpanSLine = 47, srcSpanSCol = 17, srcSpanELine = 55, srcSpanECol = 73},SrcSpan {srcSpanFile = "test/Plugin/Debug/Spec.hs", srcSpanSLine = 50, srcSpanSCol = 25, srcSpanELine = 55, srcSpanECol = 73},SrcSpan {srcSpanFile = "test/Plugin/Debug/Spec.hs", srcSpanSLine = 53, srcSpanSCol = 33, srcSpanELine = 55, srcSpanECol = 73}]
                          fromList [SrcSpan {srcSpanFile = "test/Plugin/Debug/Spec.hs", srcSpanSLine = 46, srcSpanSCol = 15, srcSpanELine = 55, srcSpanECol = 73},SrcSpan {srcSpanFile = "test/Plugin/Debug/Spec.hs", srcSpanSLine = 47, srcSpanSCol = 17, srcSpanELine = 55, srcSpanECol = 73},SrcSpan {srcSpanFile = "test/Plugin/Debug/Spec.hs", srcSpanSLine = 50, srcSpanSCol = 25, srcSpanELine = 55, srcSpanECol = 73},SrcSpan {srcSpanFile = "test/Plugin/Debug/Spec.hs", srcSpanSLine = 53, srcSpanSCol = 33, srcSpanELine = 55, srcSpanECol = 73}]
                          addInteger
                          [
                            fromList [SrcSpan {srcSpanFile = "test/Plugin/Debug/Spec.hs", srcSpanSLine = 46, srcSpanSCol = 15, srcSpanELine = 55, srcSpanECol = 73},SrcSpan {srcSpanFile = "test/Plugin/Debug/Spec.hs", srcSpanSLine = 47, srcSpanSCol = 17, srcSpanELine = 55, srcSpanECol = 73},SrcSpan {srcSpanFile = "test/Plugin/Debug/Spec.hs", srcSpanSLine = 50, srcSpanSCol = 25, srcSpanELine = 55, srcSpanECol = 73},SrcSpan {srcSpanFile = "test/Plugin/Debug/Spec.hs", srcSpanSLine = 53, srcSpanSCol = 33, srcSpanELine = 55, srcSpanECol = 73},SrcSpan {srcSpanFile = "test/Plugin/Debug/Spec.hs", srcSpanSLine = 54, srcSpanSCol = 37, srcSpanELine = 54, srcSpanECol = 73}]
                            fromList [SrcSpan {srcSpanFile = "test/Plugin/Debug/Spec.hs", srcSpanSLine = 46, srcSpanSCol = 15, srcSpanELine = 55, srcSpanECol = 73},SrcSpan {srcSpanFile = "test/Plugin/Debug/Spec.hs", srcSpanSLine = 47, srcSpanSCol = 17, srcSpanELine = 55, srcSpanECol = 73},SrcSpan {srcSpanFile = "test/Plugin/Debug/Spec.hs", srcSpanSLine = 50, srcSpanSCol = 25, srcSpanELine = 55, srcSpanECol = 73},SrcSpan {srcSpanFile = "test/Plugin/Debug/Spec.hs", srcSpanSLine = 53, srcSpanSCol = 33, srcSpanELine = 55, srcSpanECol = 73},SrcSpan {srcSpanFile = "test/Plugin/Debug/Spec.hs", srcSpanSLine = 54, srcSpanSCol = 37, srcSpanELine = 54, srcSpanECol = 73}]
                            fib
                            [
                              fromList [SrcSpan {srcSpanFile = "test/Plugin/Debug/Spec.hs", srcSpanSLine = 46, srcSpanSCol = 15, srcSpanELine = 55, srcSpanECol = 73},SrcSpan {srcSpanFile = "test/Plugin/Debug/Spec.hs", srcSpanSLine = 47, srcSpanSCol = 17, srcSpanELine = 55, srcSpanECol = 73},SrcSpan {srcSpanFile = "test/Plugin/Debug/Spec.hs", srcSpanSLine = 50, srcSpanSCol = 25, srcSpanELine = 55, srcSpanECol = 73},SrcSpan {srcSpanFile = "test/Plugin/Debug/Spec.hs", srcSpanSLine = 53, srcSpanSCol = 33, srcSpanELine = 55, srcSpanECol = 73},SrcSpan {srcSpanFile = "test/Plugin/Debug/Spec.hs", srcSpanSLine = 54, srcSpanSCol = 37, srcSpanELine = 54, srcSpanECol = 73},SrcSpan {srcSpanFile = "test/Plugin/Debug/Spec.hs", srcSpanSLine = 54, srcSpanSCol = 42, srcSpanELine = 54, srcSpanECol = 72}]
                              [
                                fromList [SrcSpan {srcSpanFile = "test/Plugin/Debug/Spec.hs", srcSpanSLine = 46, srcSpanSCol = 15, srcSpanELine = 55, srcSpanECol = 73},SrcSpan {srcSpanFile = "test/Plugin/Debug/Spec.hs", srcSpanSLine = 47, srcSpanSCol = 17, srcSpanELine = 55, srcSpanECol = 73},SrcSpan {srcSpanFile = "test/Plugin/Debug/Spec.hs", srcSpanSLine = 50, srcSpanSCol = 25, srcSpanELine = 55, srcSpanECol = 73},SrcSpan {srcSpanFile = "test/Plugin/Debug/Spec.hs", srcSpanSLine = 53, srcSpanSCol = 33, srcSpanELine = 55, srcSpanECol = 73},SrcSpan {srcSpanFile = "test/Plugin/Debug/Spec.hs", srcSpanSLine = 54, srcSpanSCol = 37, srcSpanELine = 54, srcSpanECol = 73},SrcSpan {srcSpanFile = "test/Plugin/Debug/Spec.hs", srcSpanSLine = 54, srcSpanSCol = 42, srcSpanELine = 54, srcSpanECol = 72}]
                                fromList [SrcSpan {srcSpanFile = "test/Plugin/Debug/Spec.hs", srcSpanSLine = 46, srcSpanSCol = 15, srcSpanELine = 55, srcSpanECol = 73},SrcSpan {srcSpanFile = "test/Plugin/Debug/Spec.hs", srcSpanSLine = 47, srcSpanSCol = 17, srcSpanELine = 55, srcSpanECol = 73},SrcSpan {srcSpanFile = "test/Plugin/Debug/Spec.hs", srcSpanSLine = 50, srcSpanSCol = 25, srcSpanELine = 55, srcSpanECol = 73},SrcSpan {srcSpanFile = "test/Plugin/Debug/Spec.hs", srcSpanSLine = 53, srcSpanSCol = 33, srcSpanELine = 55, srcSpanECol = 73},SrcSpan {srcSpanFile = "test/Plugin/Debug/Spec.hs", srcSpanSLine = 54, srcSpanSCol = 37, srcSpanELine = 54, srcSpanECol = 73},SrcSpan {srcSpanFile = "test/Plugin/Debug/Spec.hs", srcSpanSLine = 54, srcSpanSCol = 42, srcSpanELine = 54, srcSpanECol = 72}]
                                subtractInteger
                                fromList [SrcSpan {srcSpanFile = "test/Plugin/Debug/Spec.hs", srcSpanSLine = 46, srcSpanSCol = 15, srcSpanELine = 55, srcSpanECol = 73},SrcSpan {srcSpanFile = "test/Plugin/Debug/Spec.hs", srcSpanSLine = 47, srcSpanSCol = 17, srcSpanELine = 55, srcSpanECol = 73},SrcSpan {srcSpanFile = "test/Plugin/Debug/Spec.hs", srcSpanSLine = 50, srcSpanSCol = 25, srcSpanELine = 55, srcSpanECol = 73},SrcSpan {srcSpanFile = "test/Plugin/Debug/Spec.hs", srcSpanSLine = 53, srcSpanSCol = 33, srcSpanELine = 55, srcSpanECol = 73},SrcSpan {srcSpanFile = "test/Plugin/Debug/Spec.hs", srcSpanSLine = 54, srcSpanSCol = 37, srcSpanELine = 54, srcSpanECol = 73},SrcSpan {srcSpanFile = "test/Plugin/Debug/Spec.hs", srcSpanSLine = 54, srcSpanSCol = 42, srcSpanELine = 54, srcSpanECol = 72},SrcSpan {srcSpanFile = "test/Plugin/Debug/Spec.hs", srcSpanSLine = 54, srcSpanSCol = 68, srcSpanELine = 54, srcSpanECol = 69}]
                                n
                              ]
                              (con
                                fromList [SrcSpan {srcSpanFile = "test/Plugin/Debug/Spec.hs", srcSpanSLine = 46, srcSpanSCol = 15, srcSpanELine = 55, srcSpanECol = 73},SrcSpan {srcSpanFile = "test/Plugin/Debug/Spec.hs", srcSpanSLine = 47, srcSpanSCol = 17, srcSpanELine = 55, srcSpanECol = 73},SrcSpan {srcSpanFile = "test/Plugin/Debug/Spec.hs", srcSpanSLine = 50, srcSpanSCol = 25, srcSpanELine = 55, srcSpanECol = 73},SrcSpan {srcSpanFile = "test/Plugin/Debug/Spec.hs", srcSpanSLine = 53, srcSpanSCol = 33, srcSpanELine = 55, srcSpanECol = 73},SrcSpan {srcSpanFile = "test/Plugin/Debug/Spec.hs", srcSpanSLine = 54, srcSpanSCol = 37, srcSpanELine = 54, srcSpanECol = 73},SrcSpan {srcSpanFile = "test/Plugin/Debug/Spec.hs", srcSpanSLine = 54, srcSpanSCol = 42, srcSpanELine = 54, srcSpanECol = 72},SrcSpan {srcSpanFile = "test/Plugin/Debug/Spec.hs", srcSpanSLine = 54, srcSpanSCol = 70, srcSpanELine = 54, srcSpanECol = 71}]
                                integer
                                1
                              )
                            ]
                          ]
                        ]
                        [
                          fromList [SrcSpan {srcSpanFile = "test/Plugin/Debug/Spec.hs", srcSpanSLine = 46, srcSpanSCol = 15, srcSpanELine = 55, srcSpanECol = 73},SrcSpan {srcSpanFile = "test/Plugin/Debug/Spec.hs", srcSpanSLine = 47, srcSpanSCol = 17, srcSpanELine = 55, srcSpanECol = 73},SrcSpan {srcSpanFile = "test/Plugin/Debug/Spec.hs", srcSpanSLine = 50, srcSpanSCol = 25, srcSpanELine = 55, srcSpanECol = 73},SrcSpan {srcSpanFile = "test/Plugin/Debug/Spec.hs", srcSpanSLine = 53, srcSpanSCol = 33, srcSpanELine = 55, srcSpanECol = 73},SrcSpan {srcSpanFile = "test/Plugin/Debug/Spec.hs", srcSpanSLine = 55, srcSpanSCol = 37, srcSpanELine = 55, srcSpanECol = 73}]
                          fromList [SrcSpan {srcSpanFile = "test/Plugin/Debug/Spec.hs", srcSpanSLine = 46, srcSpanSCol = 15, srcSpanELine = 55, srcSpanECol = 73},SrcSpan {srcSpanFile = "test/Plugin/Debug/Spec.hs", srcSpanSLine = 47, srcSpanSCol = 17, srcSpanELine = 55, srcSpanECol = 73},SrcSpan {srcSpanFile = "test/Plugin/Debug/Spec.hs", srcSpanSLine = 50, srcSpanSCol = 25, srcSpanELine = 55, srcSpanECol = 73},SrcSpan {srcSpanFile = "test/Plugin/Debug/Spec.hs", srcSpanSLine = 53, srcSpanSCol = 33, srcSpanELine = 55, srcSpanECol = 73},SrcSpan {srcSpanFile = "test/Plugin/Debug/Spec.hs", srcSpanSLine = 55, srcSpanSCol = 37, srcSpanELine = 55, srcSpanECol = 73}]
                          fib
                          [
                            fromList [SrcSpan {srcSpanFile = "test/Plugin/Debug/Spec.hs", srcSpanSLine = 46, srcSpanSCol = 15, srcSpanELine = 55, srcSpanECol = 73},SrcSpan {srcSpanFile = "test/Plugin/Debug/Spec.hs", srcSpanSLine = 47, srcSpanSCol = 17, srcSpanELine = 55, srcSpanECol = 73},SrcSpan {srcSpanFile = "test/Plugin/Debug/Spec.hs", srcSpanSLine = 50, srcSpanSCol = 25, srcSpanELine = 55, srcSpanECol = 73},SrcSpan {srcSpanFile = "test/Plugin/Debug/Spec.hs", srcSpanSLine = 53, srcSpanSCol = 33, srcSpanELine = 55, srcSpanECol = 73},SrcSpan {srcSpanFile = "test/Plugin/Debug/Spec.hs", srcSpanSLine = 55, srcSpanSCol = 37, srcSpanELine = 55, srcSpanECol = 73},SrcSpan {srcSpanFile = "test/Plugin/Debug/Spec.hs", srcSpanSLine = 55, srcSpanSCol = 42, srcSpanELine = 55, srcSpanECol = 72}]
                            [
                              fromList [SrcSpan {srcSpanFile = "test/Plugin/Debug/Spec.hs", srcSpanSLine = 46, srcSpanSCol = 15, srcSpanELine = 55, srcSpanECol = 73},SrcSpan {srcSpanFile = "test/Plugin/Debug/Spec.hs", srcSpanSLine = 47, srcSpanSCol = 17, srcSpanELine = 55, srcSpanECol = 73},SrcSpan {srcSpanFile = "test/Plugin/Debug/Spec.hs", srcSpanSLine = 50, srcSpanSCol = 25, srcSpanELine = 55, srcSpanECol = 73},SrcSpan {srcSpanFile = "test/Plugin/Debug/Spec.hs", srcSpanSLine = 53, srcSpanSCol = 33, srcSpanELine = 55, srcSpanECol = 73},SrcSpan {srcSpanFile = "test/Plugin/Debug/Spec.hs", srcSpanSLine = 55, srcSpanSCol = 37, srcSpanELine = 55, srcSpanECol = 73},SrcSpan {srcSpanFile = "test/Plugin/Debug/Spec.hs", srcSpanSLine = 55, srcSpanSCol = 42, srcSpanELine = 55, srcSpanECol = 72}]
                              fromList [SrcSpan {srcSpanFile = "test/Plugin/Debug/Spec.hs", srcSpanSLine = 46, srcSpanSCol = 15, srcSpanELine = 55, srcSpanECol = 73},SrcSpan {srcSpanFile = "test/Plugin/Debug/Spec.hs", srcSpanSLine = 47, srcSpanSCol = 17, srcSpanELine = 55, srcSpanECol = 73},SrcSpan {srcSpanFile = "test/Plugin/Debug/Spec.hs", srcSpanSLine = 50, srcSpanSCol = 25, srcSpanELine = 55, srcSpanECol = 73},SrcSpan {srcSpanFile = "test/Plugin/Debug/Spec.hs", srcSpanSLine = 53, srcSpanSCol = 33, srcSpanELine = 55, srcSpanECol = 73},SrcSpan {srcSpanFile = "test/Plugin/Debug/Spec.hs", srcSpanSLine = 55, srcSpanSCol = 37, srcSpanELine = 55, srcSpanECol = 73},SrcSpan {srcSpanFile = "test/Plugin/Debug/Spec.hs", srcSpanSLine = 55, srcSpanSCol = 42, srcSpanELine = 55, srcSpanECol = 72}]
                              subtractInteger
                              fromList [SrcSpan {srcSpanFile = "test/Plugin/Debug/Spec.hs", srcSpanSLine = 46, srcSpanSCol = 15, srcSpanELine = 55, srcSpanECol = 73},SrcSpan {srcSpanFile = "test/Plugin/Debug/Spec.hs", srcSpanSLine = 47, srcSpanSCol = 17, srcSpanELine = 55, srcSpanECol = 73},SrcSpan {srcSpanFile = "test/Plugin/Debug/Spec.hs", srcSpanSLine = 50, srcSpanSCol = 25, srcSpanELine = 55, srcSpanECol = 73},SrcSpan {srcSpanFile = "test/Plugin/Debug/Spec.hs", srcSpanSLine = 53, srcSpanSCol = 33, srcSpanELine = 55, srcSpanECol = 73},SrcSpan {srcSpanFile = "test/Plugin/Debug/Spec.hs", srcSpanSLine = 55, srcSpanSCol = 37, srcSpanELine = 55, srcSpanECol = 73},SrcSpan {srcSpanFile = "test/Plugin/Debug/Spec.hs", srcSpanSLine = 55, srcSpanSCol = 42, srcSpanELine = 55, srcSpanECol = 72},SrcSpan {srcSpanFile = "test/Plugin/Debug/Spec.hs", srcSpanSLine = 55, srcSpanSCol = 68, srcSpanELine = 55, srcSpanECol = 69}]
                              n
                            ]
                            (con
                              fromList [SrcSpan {srcSpanFile = "test/Plugin/Debug/Spec.hs", srcSpanSLine = 46, srcSpanSCol = 15, srcSpanELine = 55, srcSpanECol = 73},SrcSpan {srcSpanFile = "test/Plugin/Debug/Spec.hs", srcSpanSLine = 47, srcSpanSCol = 17, srcSpanELine = 55, srcSpanECol = 73},SrcSpan {srcSpanFile = "test/Plugin/Debug/Spec.hs", srcSpanSLine = 50, srcSpanSCol = 25, srcSpanELine = 55, srcSpanECol = 73},SrcSpan {srcSpanFile = "test/Plugin/Debug/Spec.hs", srcSpanSLine = 53, srcSpanSCol = 33, srcSpanELine = 55, srcSpanECol = 73},SrcSpan {srcSpanFile = "test/Plugin/Debug/Spec.hs", srcSpanSLine = 55, srcSpanSCol = 37, srcSpanELine = 55, srcSpanECol = 73},SrcSpan {srcSpanFile = "test/Plugin/Debug/Spec.hs", srcSpanSLine = 55, srcSpanSCol = 42, srcSpanELine = 55, srcSpanECol = 72},SrcSpan {srcSpanFile = "test/Plugin/Debug/Spec.hs", srcSpanSLine = 55, srcSpanSCol = 70, srcSpanELine = 55, srcSpanECol = 71}]
                              integer
                              2
                            )
                          ]
                        ]
                      ]
                    )
                  ]
                  (all
                    fromList [SrcSpan {srcSpanFile = "test/Plugin/Debug/Spec.hs", srcSpanSLine = 46, srcSpanSCol = 15, srcSpanELine = 55, srcSpanECol = 73},SrcSpan {srcSpanFile = "test/Plugin/Debug/Spec.hs", srcSpanSLine = 47, srcSpanSCol = 17, srcSpanELine = 55, srcSpanECol = 73},SrcSpan {srcSpanFile = "test/Plugin/Debug/Spec.hs", srcSpanSLine = 50, srcSpanSCol = 25, srcSpanELine = 55, srcSpanECol = 73}]
                    dead
                    (fromList [SrcSpan {srcSpanFile = "test/Plugin/Debug/Spec.hs", srcSpanSLine = 46, srcSpanSCol = 15, srcSpanELine = 55, srcSpanECol = 73},SrcSpan {srcSpanFile = "test/Plugin/Debug/Spec.hs", srcSpanSLine = 47, srcSpanSCol = 17, srcSpanELine = 55, srcSpanECol = 73},SrcSpan {srcSpanFile = "test/Plugin/Debug/Spec.hs", srcSpanSLine = 50, srcSpanSCol = 25, srcSpanELine = 55, srcSpanECol = 73}]
                    type)
                    fromList [SrcSpan {srcSpanFile = "test/Plugin/Debug/Spec.hs", srcSpanSLine = 46, srcSpanSCol = 15, srcSpanELine = 55, srcSpanECol = 73},SrcSpan {srcSpanFile = "test/Plugin/Debug/Spec.hs", srcSpanSLine = 47, srcSpanSCol = 17, srcSpanELine = 55, srcSpanECol = 73},SrcSpan {srcSpanFile = "test/Plugin/Debug/Spec.hs", srcSpanSLine = 50, srcSpanSCol = 25, srcSpanELine = 55, srcSpanECol = 73}]
                    dead
                  )
                }
              )
            ]
            (all
              fromList [SrcSpan {srcSpanFile = "test/Plugin/Debug/Spec.hs", srcSpanSLine = 46, srcSpanSCol = 15, srcSpanELine = 55, srcSpanECol = 73},SrcSpan {srcSpanFile = "test/Plugin/Debug/Spec.hs", srcSpanSLine = 47, srcSpanSCol = 17, srcSpanELine = 55, srcSpanECol = 73}]
              dead
              (fromList [SrcSpan {srcSpanFile = "test/Plugin/Debug/Spec.hs", srcSpanSLine = 46, srcSpanSCol = 15, srcSpanELine = 55, srcSpanECol = 73},SrcSpan {srcSpanFile = "test/Plugin/Debug/Spec.hs", srcSpanSLine = 47, srcSpanSCol = 17, srcSpanELine = 55, srcSpanECol = 73}]
              type)
              fromList [SrcSpan {srcSpanFile = "test/Plugin/Debug/Spec.hs", srcSpanSLine = 46, srcSpanSCol = 15, srcSpanELine = 55, srcSpanECol = 73},SrcSpan {srcSpanFile = "test/Plugin/Debug/Spec.hs", srcSpanSLine = 47, srcSpanSCol = 17, srcSpanELine = 55, srcSpanECol = 73}]
              dead
            )
          }
        )
      )
      fromList [SrcSpan {srcSpanFile = "test/Plugin/Debug/Spec.hs", srcSpanSLine = 45, srcSpanSCol = 9, srcSpanELine = 57, srcSpanECol = 10}]
      fib
    )
  )
)